cris@Cristians-MBP sample-express % node index.js
Listening on 300
TypeError: data.map is not a function
    at routeAPINames (file:///Users/cris/sample-express/routes.js:15:3)
    at process.processTicksAndRejections (node:internal/process/task_queues:105:5)
    at async file:///Users/cris/sample-express/index.js:15:15
^C 
cris@Cristians-MBP sample-express % vim index.js
cris@Cristians-MBP sample-express % node index.js
node:events:502
      throw er; // Unhandled 'error' event
      ^

Error: listen EADDRINUSE: address already in use :::3000
    at Server.setupListenHandle [as _listen2] (node:net:1937:16)
    at listenInCluster (node:net:1994:12)
    at Server.listen (node:net:2099:7)
    at Function.listen (/Users/cris/sample-express/node_modules/express/lib/application.js:635:24)
    at file:///Users/cris/sample-express/index.js:22:8
    at ModuleJob.run (node:internal/modules/esm/module_job:271:25)
    at async onImport.tracePromise.__proto__ (node:internal/modules/esm/loader:547:26)
    at async asyncRunEntryPointWithESMLoader (node:internal/modules/run_main:116:5)
Emitted 'error' event on Server instance at:
    at emitErrorNT (node:net:1973:8)
    at process.processTicksAndRejections (node:internal/process/task_queues:90:21) {
  code: 'EADDRINUSE',
  errno: -48,
  syscall: 'listen',
  address: '::',
  port: 3000
}

Node.js v22.13.1
cris@Cristians-MBP sample-express % clear

cris@Cristians-MBP sample-express % ls
index.js		package-lock.json	routes.js
node_modules		package.json		sample-express
cris@Cristians-MBP sample-express % cat package.json
{
  "name": "sample-express",
  "version": "1.0.0",
  "main": "index.js",
  "scripts": {
    "test": "echo \"Error: no test specified\" && exit 1"
  },
  "author": "",
  "license": "ISC",
  "type": "module",
  "description": "",
  "dependencies": {
    "express": "^4.21.2",
    "node-fetch": "^3.3.2"
  }, "devDependencies": {}
}
cris@Cristians-MBP sample-express % vim routes.js
cris@Cristians-MBP sample-express % vim index.js
cris@Cristians-MBP sample-express % node index.js
Listening on 3000
TypeError: data.map is not a function
    at routeAPINames (file:///Users/cris/sample-express/routes.js:15:3)
    at process.processTicksAndRejections (node:internal/process/task_queues:105:5)
    at async file:///Users/cris/sample-express/index.js:15:15
^C
cris@Cristians-MBP sample-express % node index.js
Listening on 3000
TypeError: data.map is not a function
    at routeAPINames (file:///Users/cris/sample-express/routes.js:15:3)
    at process.processTicksAndRejections (node:internal/process/task_queues:105:5)
    at async file:///Users/cris/sample-express/index.js:15:15
^C
cris@Cristians-MBP sample-express % vim package.json
cris@Cristians-MBP sample-express % node index.js
Listening on 3000
TypeError: data.map is not a function
    at routeAPINames (file:///Users/cris/sample-express/routes.js:15:3)
    at process.processTicksAndRejections (node:internal/process/task_queues:105:5)
    at async file:///Users/cris/sample-express/index.js:15:15
^C
cris@Cristians-MBP sample-express % vim routes.js
cris@Cristians-MBP sample-express % node index.js
Listening on 3000
TypeError: data.map is not a function
    at routeAPINames (file:///Users/cris/sample-express/routes.js:14:22)
    at process.processTicksAndRejections (node:internal/process/task_queues:105:5)
    at async file:///Users/cris/sample-express/index.js:15:15
^C
cris@Cristians-MBP sample-express % vim route.js
cris@Cristians-MBP sample-express % vim routes.js
cris@Cristians-MBP sample-express % node Index.js
Listening on 3000
TypeError: data.map is not a function
    at routeAPINames (file:///Users/cris/sample-express/routes.js:15:3)
    at process.processTicksAndRejections (node:internal/process/task_queues:105:5)
    at async file:///Users/cris/sample-express/Index.js:15:15
^C
cris@Cristians-MBP sample-express % vim routes.js
cris@Cristians-MBP sample-express % node index.js
Listening on 3000

